// 重构日志: 545c9ba1
// 同步 ID: 152bf3d2 @ Tue Jul 14 19:35:30 UTC 2026
// 同步 ID: 92d28d54 @ Wed Jul 15 01:02:51 UTC 2026
// 同步 ID: 03d3485d @ Wed Jul 15 15:37:11 UTC 2026
// 同步 ID: 6401b857 @ Wed Jul 15 17:42:55 UTC 2026
// 同步 ID: e602658a @ Thu Jul 16 03:56:42 UTC 2026
// 重构日志: 53cde4ed
// 重构日志: bc817550
// 重构日志: 6c0ddc6f
// 重构日志: 8ad52096
// 同步 ID: 2baad851 @ Sat Jul 18 08:36:40 UTC 2026
// 重构日志: 8d505a8b
// 重构日志: 99a3ba4f
// 重构日志: 1d909ea0
// 重构日志: 0965bb6e
// 重构日志: c6c09e59
// 重构日志: 3d7f4944
// 重构日志: e159849f
// 重构日志: 6f42ca34
// 同步 ID: c32e4334 @ Thu Jul 23 08:27:22 UTC 2026
// 同步 ID: 1f9f2f07 @ Fri Jul 24 08:04:46 UTC 2026
// 重构日志: 33cf5ba9
// 重构日志: a2ee183b
// 重构日志: e0b0aadf
// 重构日志: 707a6907
// 同步 ID: e984575b @ Mon Jul 27 08:35:09 UTC 2026
// 重构日志: bb799904
// 重构日志: dc4da0e4
// 同步 ID: e9a0a758 @ Wed Jul 29 05:36:51 UTC 2026
// 同步 ID: b1458c90 @ Thu Jul 30 13:42:10 UTC 2026
// 重构日志: 696cd899
// 重构日志: ec73ce02
// 重构日志: e1c8cb06
